#Timing report of worst 7 path(s)
# Unit scale: 1e-09 seconds
# Output precision: 3

#Path 1
Startpoint: simpleOR^in~3.inpad[0] (.input clocked by virtual_io_clock)
Endpoint  : out:simpleOR^o_led~1.outpad[0] (.output clocked by virtual_io_clock)
Path Type : setup

Point                                                             Incr      Path
--------------------------------------------------------------------------------
clock virtual_io_clock (rise edge)                               0.000     0.000
clock source latency                                             0.000     0.000
input external delay                                             0.000     0.000
simpleOR^in~3.inpad[0] (.input)                                  0.000     0.000
simpleOR^o_led~1.in[1] (.names)                                  0.160     0.160
simpleOR^o_led~1.out[0] (.names)                                 0.152     0.312
out:simpleOR^o_led~1.outpad[0] (.output)                         0.438     0.749
data arrival time                                                          0.749

clock virtual_io_clock (rise edge)                               0.000     0.000
clock source latency                                             0.000     0.000
clock uncertainty                                                0.000     0.000
output external delay                                            0.000     0.000
data required time                                                         0.000
--------------------------------------------------------------------------------
data required time                                                         0.000
data arrival time                                                         -0.749
--------------------------------------------------------------------------------
slack (VIOLATED)                                                          -0.749


#Path 2
Startpoint: simpleOR^in~9.inpad[0] (.input clocked by virtual_io_clock)
Endpoint  : out:simpleOR^o_led~4.outpad[0] (.output clocked by virtual_io_clock)
Path Type : setup

Point                                                             Incr      Path
--------------------------------------------------------------------------------
clock virtual_io_clock (rise edge)                               0.000     0.000
clock source latency                                             0.000     0.000
input external delay                                             0.000     0.000
simpleOR^in~9.inpad[0] (.input)                                  0.000     0.000
simpleOR^o_led~4.in[1] (.names)                                  0.160     0.160
simpleOR^o_led~4.out[0] (.names)                                 0.152     0.312
out:simpleOR^o_led~4.outpad[0] (.output)                         0.364     0.675
data arrival time                                                          0.675

clock virtual_io_clock (rise edge)                               0.000     0.000
clock source latency                                             0.000     0.000
clock uncertainty                                                0.000     0.000
output external delay                                            0.000     0.000
data required time                                                         0.000
--------------------------------------------------------------------------------
data required time                                                         0.000
data arrival time                                                         -0.675
--------------------------------------------------------------------------------
slack (VIOLATED)                                                          -0.675


#Path 3
Startpoint: simpleOR^in~11.inpad[0] (.input clocked by virtual_io_clock)
Endpoint  : out:simpleOR^o_led~5.outpad[0] (.output clocked by virtual_io_clock)
Path Type : setup

Point                                                             Incr      Path
--------------------------------------------------------------------------------
clock virtual_io_clock (rise edge)                               0.000     0.000
clock source latency                                             0.000     0.000
input external delay                                             0.000     0.000
simpleOR^in~11.inpad[0] (.input)                                 0.000     0.000
simpleOR^o_led~5.in[1] (.names)                                  0.160     0.160
simpleOR^o_led~5.out[0] (.names)                                 0.152     0.312
out:simpleOR^o_led~5.outpad[0] (.output)                         0.364     0.675
data arrival time                                                          0.675

clock virtual_io_clock (rise edge)                               0.000     0.000
clock source latency                                             0.000     0.000
clock uncertainty                                                0.000     0.000
output external delay                                            0.000     0.000
data required time                                                         0.000
--------------------------------------------------------------------------------
data required time                                                         0.000
data arrival time                                                         -0.675
--------------------------------------------------------------------------------
slack (VIOLATED)                                                          -0.675


#Path 4
Startpoint: simpleOR^in~1.inpad[0] (.input clocked by virtual_io_clock)
Endpoint  : out:simpleOR^o_led~0.outpad[0] (.output clocked by virtual_io_clock)
Path Type : setup

Point                                                             Incr      Path
--------------------------------------------------------------------------------
clock virtual_io_clock (rise edge)                               0.000     0.000
clock source latency                                             0.000     0.000
input external delay                                             0.000     0.000
simpleOR^in~1.inpad[0] (.input)                                  0.000     0.000
simpleOR^o_led~0.in[1] (.names)                                  0.160     0.160
simpleOR^o_led~0.out[0] (.names)                                 0.152     0.312
out:simpleOR^o_led~0.outpad[0] (.output)                         0.363     0.674
data arrival time                                                          0.674

clock virtual_io_clock (rise edge)                               0.000     0.000
clock source latency                                             0.000     0.000
clock uncertainty                                                0.000     0.000
output external delay                                            0.000     0.000
data required time                                                         0.000
--------------------------------------------------------------------------------
data required time                                                         0.000
data arrival time                                                         -0.674
--------------------------------------------------------------------------------
slack (VIOLATED)                                                          -0.674


#Path 5
Startpoint: simpleOR^in~5.inpad[0] (.input clocked by virtual_io_clock)
Endpoint  : out:simpleOR^o_led~2.outpad[0] (.output clocked by virtual_io_clock)
Path Type : setup

Point                                                             Incr      Path
--------------------------------------------------------------------------------
clock virtual_io_clock (rise edge)                               0.000     0.000
clock source latency                                             0.000     0.000
input external delay                                             0.000     0.000
simpleOR^in~5.inpad[0] (.input)                                  0.000     0.000
simpleOR^o_led~2.in[1] (.names)                                  0.160     0.160
simpleOR^o_led~2.out[0] (.names)                                 0.152     0.312
out:simpleOR^o_led~2.outpad[0] (.output)                         0.363     0.674
data arrival time                                                          0.674

clock virtual_io_clock (rise edge)                               0.000     0.000
clock source latency                                             0.000     0.000
clock uncertainty                                                0.000     0.000
output external delay                                            0.000     0.000
data required time                                                         0.000
--------------------------------------------------------------------------------
data required time                                                         0.000
data arrival time                                                         -0.674
--------------------------------------------------------------------------------
slack (VIOLATED)                                                          -0.674


#Path 6
Startpoint: simpleOR^in~7.inpad[0] (.input clocked by virtual_io_clock)
Endpoint  : out:simpleOR^o_led~3.outpad[0] (.output clocked by virtual_io_clock)
Path Type : setup

Point                                                             Incr      Path
--------------------------------------------------------------------------------
clock virtual_io_clock (rise edge)                               0.000     0.000
clock source latency                                             0.000     0.000
input external delay                                             0.000     0.000
simpleOR^in~7.inpad[0] (.input)                                  0.000     0.000
simpleOR^o_led~3.in[1] (.names)                                  0.160     0.160
simpleOR^o_led~3.out[0] (.names)                                 0.152     0.312
out:simpleOR^o_led~3.outpad[0] (.output)                         0.363     0.674
data arrival time                                                          0.674

clock virtual_io_clock (rise edge)                               0.000     0.000
clock source latency                                             0.000     0.000
clock uncertainty                                                0.000     0.000
output external delay                                            0.000     0.000
data required time                                                         0.000
--------------------------------------------------------------------------------
data required time                                                         0.000
data arrival time                                                         -0.674
--------------------------------------------------------------------------------
slack (VIOLATED)                                                          -0.674


#Path 7
Startpoint: simpleOR^in~13.inpad[0] (.input clocked by virtual_io_clock)
Endpoint  : out:simpleOR^o_led~6.outpad[0] (.output clocked by virtual_io_clock)
Path Type : setup

Point                                                             Incr      Path
--------------------------------------------------------------------------------
clock virtual_io_clock (rise edge)                               0.000     0.000
clock source latency                                             0.000     0.000
input external delay                                             0.000     0.000
simpleOR^in~13.inpad[0] (.input)                                 0.000     0.000
simpleOR^o_led~6.in[1] (.names)                                  0.160     0.160
simpleOR^o_led~6.out[0] (.names)                                 0.152     0.312
out:simpleOR^o_led~6.outpad[0] (.output)                         0.362     0.673
data arrival time                                                          0.673

clock virtual_io_clock (rise edge)                               0.000     0.000
clock source latency                                             0.000     0.000
clock uncertainty                                                0.000     0.000
output external delay                                            0.000     0.000
data required time                                                         0.000
--------------------------------------------------------------------------------
data required time                                                         0.000
data arrival time                                                         -0.673
--------------------------------------------------------------------------------
slack (VIOLATED)                                                          -0.673


#End of timing report
