#Timing report of worst 7 path(s)
# Unit scale: 1e-09 seconds
# Output precision: 3

#Path 1
Startpoint: simpleOR^in~9.inpad[0] (.input clocked by virtual_io_clock)
Endpoint  : out:simpleOR^o_led~4.outpad[0] (.output clocked by virtual_io_clock)
Path Type : hold

Point                                                             Incr      Path
--------------------------------------------------------------------------------
clock virtual_io_clock (rise edge)                               0.000     0.000
clock source latency                                             0.000     0.000
input external delay                                             0.000     0.000
simpleOR^in~9.inpad[0] (.input)                                  0.000     0.000
simpleOR^o_led~4.in[1] (.names)                                  0.149     0.149
simpleOR^o_led~4.out[0] (.names)                                 0.044     0.193
out:simpleOR^o_led~4.outpad[0] (.output)                         0.150     0.343
data arrival time                                                          0.343

clock virtual_io_clock (rise edge)                               0.000     0.000
clock source latency                                             0.000     0.000
clock uncertainty                                                0.000     0.000
output external delay                                            0.000     0.000
data required time                                                         0.000
--------------------------------------------------------------------------------
data required time                                                        -0.000
data arrival time                                                          0.343
--------------------------------------------------------------------------------
slack (MET)                                                                0.343


#Path 2
Startpoint: simpleOR^in~3.inpad[0] (.input clocked by virtual_io_clock)
Endpoint  : out:simpleOR^o_led~1.outpad[0] (.output clocked by virtual_io_clock)
Path Type : hold

Point                                                             Incr      Path
--------------------------------------------------------------------------------
clock virtual_io_clock (rise edge)                               0.000     0.000
clock source latency                                             0.000     0.000
input external delay                                             0.000     0.000
simpleOR^in~3.inpad[0] (.input)                                  0.000     0.000
simpleOR^o_led~1.in[1] (.names)                                  0.150     0.150
simpleOR^o_led~1.out[0] (.names)                                 0.044     0.194
out:simpleOR^o_led~1.outpad[0] (.output)                         0.151     0.345
data arrival time                                                          0.345

clock virtual_io_clock (rise edge)                               0.000     0.000
clock source latency                                             0.000     0.000
clock uncertainty                                                0.000     0.000
output external delay                                            0.000     0.000
data required time                                                         0.000
--------------------------------------------------------------------------------
data required time                                                        -0.000
data arrival time                                                          0.345
--------------------------------------------------------------------------------
slack (MET)                                                                0.345


#Path 3
Startpoint: simpleOR^in~7.inpad[0] (.input clocked by virtual_io_clock)
Endpoint  : out:simpleOR^o_led~3.outpad[0] (.output clocked by virtual_io_clock)
Path Type : hold

Point                                                             Incr      Path
--------------------------------------------------------------------------------
clock virtual_io_clock (rise edge)                               0.000     0.000
clock source latency                                             0.000     0.000
input external delay                                             0.000     0.000
simpleOR^in~7.inpad[0] (.input)                                  0.000     0.000
simpleOR^o_led~3.in[1] (.names)                                  0.150     0.150
simpleOR^o_led~3.out[0] (.names)                                 0.044     0.194
out:simpleOR^o_led~3.outpad[0] (.output)                         0.150     0.345
data arrival time                                                          0.345

clock virtual_io_clock (rise edge)                               0.000     0.000
clock source latency                                             0.000     0.000
clock uncertainty                                                0.000     0.000
output external delay                                            0.000     0.000
data required time                                                         0.000
--------------------------------------------------------------------------------
data required time                                                        -0.000
data arrival time                                                          0.345
--------------------------------------------------------------------------------
slack (MET)                                                                0.345


#Path 4
Startpoint: simpleOR^in~1.inpad[0] (.input clocked by virtual_io_clock)
Endpoint  : out:simpleOR^o_led~0.outpad[0] (.output clocked by virtual_io_clock)
Path Type : hold

Point                                                             Incr      Path
--------------------------------------------------------------------------------
clock virtual_io_clock (rise edge)                               0.000     0.000
clock source latency                                             0.000     0.000
input external delay                                             0.000     0.000
simpleOR^in~1.inpad[0] (.input)                                  0.000     0.000
simpleOR^o_led~0.in[1] (.names)                                  0.151     0.151
simpleOR^o_led~0.out[0] (.names)                                 0.044     0.195
out:simpleOR^o_led~0.outpad[0] (.output)                         0.152     0.347
data arrival time                                                          0.347

clock virtual_io_clock (rise edge)                               0.000     0.000
clock source latency                                             0.000     0.000
clock uncertainty                                                0.000     0.000
output external delay                                            0.000     0.000
data required time                                                         0.000
--------------------------------------------------------------------------------
data required time                                                        -0.000
data arrival time                                                          0.347
--------------------------------------------------------------------------------
slack (MET)                                                                0.347


#Path 5
Startpoint: simpleOR^in~5.inpad[0] (.input clocked by virtual_io_clock)
Endpoint  : out:simpleOR^o_led~2.outpad[0] (.output clocked by virtual_io_clock)
Path Type : hold

Point                                                             Incr      Path
--------------------------------------------------------------------------------
clock virtual_io_clock (rise edge)                               0.000     0.000
clock source latency                                             0.000     0.000
input external delay                                             0.000     0.000
simpleOR^in~5.inpad[0] (.input)                                  0.000     0.000
simpleOR^o_led~2.in[1] (.names)                                  0.151     0.151
simpleOR^o_led~2.out[0] (.names)                                 0.044     0.195
out:simpleOR^o_led~2.outpad[0] (.output)                         0.152     0.347
data arrival time                                                          0.347

clock virtual_io_clock (rise edge)                               0.000     0.000
clock source latency                                             0.000     0.000
clock uncertainty                                                0.000     0.000
output external delay                                            0.000     0.000
data required time                                                         0.000
--------------------------------------------------------------------------------
data required time                                                        -0.000
data arrival time                                                          0.347
--------------------------------------------------------------------------------
slack (MET)                                                                0.347


#Path 6
Startpoint: simpleOR^in~10.inpad[0] (.input clocked by virtual_io_clock)
Endpoint  : out:simpleOR^o_led~5.outpad[0] (.output clocked by virtual_io_clock)
Path Type : hold

Point                                                             Incr      Path
--------------------------------------------------------------------------------
clock virtual_io_clock (rise edge)                               0.000     0.000
clock source latency                                             0.000     0.000
input external delay                                             0.000     0.000
simpleOR^in~10.inpad[0] (.input)                                 0.000     0.000
simpleOR^o_led~5.in[0] (.names)                                  0.152     0.152
simpleOR^o_led~5.out[0] (.names)                                 0.048     0.200
out:simpleOR^o_led~5.outpad[0] (.output)                         0.150     0.351
data arrival time                                                          0.351

clock virtual_io_clock (rise edge)                               0.000     0.000
clock source latency                                             0.000     0.000
clock uncertainty                                                0.000     0.000
output external delay                                            0.000     0.000
data required time                                                         0.000
--------------------------------------------------------------------------------
data required time                                                        -0.000
data arrival time                                                          0.351
--------------------------------------------------------------------------------
slack (MET)                                                                0.351


#Path 7
Startpoint: simpleOR^in~13.inpad[0] (.input clocked by virtual_io_clock)
Endpoint  : out:simpleOR^o_led~6.outpad[0] (.output clocked by virtual_io_clock)
Path Type : hold

Point                                                             Incr      Path
--------------------------------------------------------------------------------
clock virtual_io_clock (rise edge)                               0.000     0.000
clock source latency                                             0.000     0.000
input external delay                                             0.000     0.000
simpleOR^in~13.inpad[0] (.input)                                 0.000     0.000
simpleOR^o_led~6.in[1] (.names)                                  0.172     0.172
simpleOR^o_led~6.out[0] (.names)                                 0.044     0.216
out:simpleOR^o_led~6.outpad[0] (.output)                         0.150     0.367
data arrival time                                                          0.367

clock virtual_io_clock (rise edge)                               0.000     0.000
clock source latency                                             0.000     0.000
clock uncertainty                                                0.000     0.000
output external delay                                            0.000     0.000
data required time                                                         0.000
--------------------------------------------------------------------------------
data required time                                                        -0.000
data arrival time                                                          0.367
--------------------------------------------------------------------------------
slack (MET)                                                                0.367


#End of timing report
